basealert_build_info gauge
basealert_config_favorites gauge
basealert_config_last_reload_success_timestamp_seconds gauge
basealert_config_last_reload_successful gauge
basealert_config_slots gauge
basealert_notifications_total counter
basealert_poll_duration_seconds histogram
basealert_poll_last_success_timestamp_seconds gauge
basealert_polls_total counter
basealert_station_favorite_live gauge
basealert_station_live gauge
basealert_station_slot_active gauge
